[www.anjstech.com/index.html]
[backblue.gif]
[fade.gif]
[index.html]
[www.anjstech.com/images/favicon.ico]
[www.anjstech.com/js/jquery.js]
[www.anjstech.com/nav/js/jquery-1.7.2.min.js]
[www.anjstech.com/js/jquery.bxslider.min.js]
[www.anjstech.com/scripts/ticker.js]
[www.anjstech.com/index-2.html]
[www.anjstech.com/images/logo.png]
[www.anjstech.com/images/send-email-icon.gif]
[www.anjstech.com/images/phone_icon.jpg]
[www.anjstech.com/CorporateOverview.html]
[www.anjstech.com/Services.html]
[www.anjstech.com/StaffAugmentation.html]
[www.anjstech.com/SoftwareDevelopment.html]
[www.anjstech.com/InfrastructureManagement.html]
[www.anjstech.com/ITConsulting.html]
[www.anjstech.com/CorporateTrainings.html]
[www.anjstech.com/Careers.html]
[www.anjstech.com/ContactUs.html]
[www.anjstech.com/images/banner/Banner07.jpg]
[www.anjstech.com/images/banner/Banner02.jpg]
[www.anjstech.com/images/banner/Banner03.jpg]
[www.anjstech.com/images/banner/Banner04.jpg]
[www.anjstech.com/index.html]
[www.anjstech.com/css/tab_styleH.css]
[www.anjstech.com/css/tab_style.css]
[www.anjstech.com/ajax.googleapis.com/ajax/libs/jquery/1.8.2/jquery.min.html]
[www.anjstech.com/js/images/bx_loader.gif]
[www.anjstech.com/js/images/controls.png]
[www.anjstech.com/js/jquery.bxslider.css]
[www.anjstech.com/images/gallery-img-bg-small.png]
[www.anjstech.com/images/gallery-img-bg.png]
[www.anjstech.com/images/gallery-img-bg-large.png]
[www.anjstech.com/images/gallery-img-bg-thumb.png]
[www.anjstech.com/images/orange-box-bottom.png]
[www.anjstech.com/images/orange-box-middle.png]
[www.anjstech.com/images/arrow.gif]
[www.anjstech.com/images/careers-nav-bg.png]
[www.anjstech.com/images/company-nav-bg.png]
[www.anjstech.com/images/software-nav-bg.png]
[www.anjstech.com/images/services-nav-bg.png]
[www.anjstech.com/images/services-nav-bg-home.png]
[www.anjstech.com/images/arrow-link-orange.png]
[www.anjstech.com/images/bgimg.jpg]
[www.anjstech.com/images/inner_page_bg.jpg]
[www.anjstech.com/images/hlinefooter.jpg]
[www.anjstech.com/images/flickr.png]
[www.anjstech.com/images/facebook.png]
[www.anjstech.com/images/twitter.png]
[www.anjstech.com/images/linkedin.png]
[www.anjstech.com/images/hlinesm.jpg]
[www.anjstech.com/css/style.css]
[www.anjstech.com/www.google-analytics.com/analytics.html]
[www.anjstech.com/index-2.html]
[www.anjstech.com/nav/images/nav_arrow_blk.png]
[www.anjstech.com/nav/images/nav_arrow_blu.png]
[www.anjstech.com/nav/images/arrow_top.png]
[www.anjstech.com/nav/styles.css]
[www.anjstech.com/nav/fdw-demo.css]
[www.anjstech.com/Index-3.html]
[www.anjstech.com/scripts/validate.js]
[www.anjstech.com/images/banner_company.png]
[www.anjstech.com/CorporateOverview.html]
[www.anjstech.com/images/banner_services.png]
[www.anjstech.com/Services.html]
[www.anjstech.com/images/staffing.jpg]
[www.anjstech.com/StaffAugmentation.html]
[www.anjstech.com/images/development.jpg]
[www.anjstech.com/SoftwareDevelopment.html]
[www.anjstech.com/images/infrastructure.jpg]
[www.anjstech.com/InfrastructureManagement.html]
[www.anjstech.com/images/consulting.jpg]
[www.anjstech.com/ITConsulting.html]
[www.anjstech.com/images/training.jpg]
[www.anjstech.com/CorporateTrainings.html]
[www.anjstech.com/images/banner-careers1.png]
[www.anjstech.com/Careers.html]
[www.anjstech.com/ContactUs.html]
[www.anjstech.com/images/background.html]
[www.anjstech.com/images/orange-box-top.html]
[www.anjstech.com/nav/images/logo.html]
[www.anjstech.com/css/tab_style_inner.css]
[www.anjstech.com/images/subscribe.jpg]
[www.anjstech.com/css/fancybox.css]
